Archive member included to satisfy reference by file (symbol)

d:/eme_embedded_eui/ides/atmel/7.0/toolchain/avr8/avr8-gnu-toolchain/bin/../lib/gcc/avr/5.4.0/avr5\libgcc.a(_exit.o)
                              D:/EME_Embedded_EUI/IDEs/Atmel/7.0/Packs/atmel/ATmega_DFP/1.7.374/gcc/dev/atmega32/avr5/crtatmega32.o (exit)
d:/eme_embedded_eui/ides/atmel/7.0/toolchain/avr8/avr8-gnu-toolchain/bin/../lib/gcc/avr/5.4.0/avr5\libgcc.a(_copy_data.o)
                              main.o (__do_copy_data)
d:/eme_embedded_eui/ides/atmel/7.0/toolchain/avr8/avr8-gnu-toolchain/bin/../lib/gcc/avr/5.4.0/avr5\libgcc.a(_clear_bss.o)
                              main.o (__do_clear_bss)

Allocating common symbols
Common symbol       size              file

external_interrupt_config
                    0x2               main.o

Discarded input sections

 .data          0x00000000        0x0 D:/EME_Embedded_EUI/IDEs/Atmel/7.0/Packs/atmel/ATmega_DFP/1.7.374/gcc/dev/atmega32/avr5/crtatmega32.o
 .bss           0x00000000        0x0 D:/EME_Embedded_EUI/IDEs/Atmel/7.0/Packs/atmel/ATmega_DFP/1.7.374/gcc/dev/atmega32/avr5/crtatmega32.o
 .text          0x00000000        0x0 HAL/LCD/LCD.o
 .data          0x00000000        0x0 HAL/LCD/LCD.o
 .bss           0x00000000        0x0 HAL/LCD/LCD.o
 .text.LCD_moveCursor
                0x00000000       0x26 HAL/LCD/LCD.o
 .text          0x00000000        0x0 HAL/LED/LED.o
 .data          0x00000000        0x0 HAL/LED/LED.o
 .bss           0x00000000        0x0 HAL/LED/LED.o
 .text.YELLOW_LED
                0x00000000       0x1e HAL/LED/LED.o
 .text.GREEN_LED
                0x00000000       0x20 HAL/LED/LED.o
 .text          0x00000000        0x0 main.o
 .data          0x00000000        0x0 main.o
 .bss           0x00000000        0x0 main.o
 .text          0x00000000        0x0 MCAL/DIO/DIO.o
 .data          0x00000000        0x0 MCAL/DIO/DIO.o
 .bss           0x00000000        0x0 MCAL/DIO/DIO.o
 .text.DIO_ReadPort
                0x00000000       0x30 MCAL/DIO/DIO.o
 .text.DIO_WritePort
                0x00000000       0x20 MCAL/DIO/DIO.o
 .text.DIO_ReadPin
                0x00000000       0x68 MCAL/DIO/DIO.o
 .text          0x00000000        0x0 MCAL/EXTI/interrupts.o
 .data          0x00000000        0x0 MCAL/EXTI/interrupts.o
 .bss           0x00000000        0x0 MCAL/EXTI/interrupts.o
 .text          0x00000000        0x0 d:/eme_embedded_eui/ides/atmel/7.0/toolchain/avr8/avr8-gnu-toolchain/bin/../lib/gcc/avr/5.4.0/avr5\libgcc.a(_exit.o)
 .data          0x00000000        0x0 d:/eme_embedded_eui/ides/atmel/7.0/toolchain/avr8/avr8-gnu-toolchain/bin/../lib/gcc/avr/5.4.0/avr5\libgcc.a(_exit.o)
 .bss           0x00000000        0x0 d:/eme_embedded_eui/ides/atmel/7.0/toolchain/avr8/avr8-gnu-toolchain/bin/../lib/gcc/avr/5.4.0/avr5\libgcc.a(_exit.o)
 .text.libgcc.mul
                0x00000000        0x0 d:/eme_embedded_eui/ides/atmel/7.0/toolchain/avr8/avr8-gnu-toolchain/bin/../lib/gcc/avr/5.4.0/avr5\libgcc.a(_exit.o)
 .text.libgcc.div
                0x00000000        0x0 d:/eme_embedded_eui/ides/atmel/7.0/toolchain/avr8/avr8-gnu-toolchain/bin/../lib/gcc/avr/5.4.0/avr5\libgcc.a(_exit.o)
 .text.libgcc   0x00000000        0x0 d:/eme_embedded_eui/ides/atmel/7.0/toolchain/avr8/avr8-gnu-toolchain/bin/../lib/gcc/avr/5.4.0/avr5\libgcc.a(_exit.o)
 .text.libgcc.prologue
                0x00000000        0x0 d:/eme_embedded_eui/ides/atmel/7.0/toolchain/avr8/avr8-gnu-toolchain/bin/../lib/gcc/avr/5.4.0/avr5\libgcc.a(_exit.o)
 .text.libgcc.builtins
                0x00000000        0x0 d:/eme_embedded_eui/ides/atmel/7.0/toolchain/avr8/avr8-gnu-toolchain/bin/../lib/gcc/avr/5.4.0/avr5\libgcc.a(_exit.o)
 .text.libgcc.fmul
                0x00000000        0x0 d:/eme_embedded_eui/ides/atmel/7.0/toolchain/avr8/avr8-gnu-toolchain/bin/../lib/gcc/avr/5.4.0/avr5\libgcc.a(_exit.o)
 .text.libgcc.fixed
                0x00000000        0x0 d:/eme_embedded_eui/ides/atmel/7.0/toolchain/avr8/avr8-gnu-toolchain/bin/../lib/gcc/avr/5.4.0/avr5\libgcc.a(_exit.o)
 .text          0x00000000        0x0 d:/eme_embedded_eui/ides/atmel/7.0/toolchain/avr8/avr8-gnu-toolchain/bin/../lib/gcc/avr/5.4.0/avr5\libgcc.a(_copy_data.o)
 .data          0x00000000        0x0 d:/eme_embedded_eui/ides/atmel/7.0/toolchain/avr8/avr8-gnu-toolchain/bin/../lib/gcc/avr/5.4.0/avr5\libgcc.a(_copy_data.o)
 .bss           0x00000000        0x0 d:/eme_embedded_eui/ides/atmel/7.0/toolchain/avr8/avr8-gnu-toolchain/bin/../lib/gcc/avr/5.4.0/avr5\libgcc.a(_copy_data.o)
 .text.libgcc.mul
                0x00000000        0x0 d:/eme_embedded_eui/ides/atmel/7.0/toolchain/avr8/avr8-gnu-toolchain/bin/../lib/gcc/avr/5.4.0/avr5\libgcc.a(_copy_data.o)
 .text.libgcc.div
                0x00000000        0x0 d:/eme_embedded_eui/ides/atmel/7.0/toolchain/avr8/avr8-gnu-toolchain/bin/../lib/gcc/avr/5.4.0/avr5\libgcc.a(_copy_data.o)
 .text.libgcc   0x00000000        0x0 d:/eme_embedded_eui/ides/atmel/7.0/toolchain/avr8/avr8-gnu-toolchain/bin/../lib/gcc/avr/5.4.0/avr5\libgcc.a(_copy_data.o)
 .text.libgcc.prologue
                0x00000000        0x0 d:/eme_embedded_eui/ides/atmel/7.0/toolchain/avr8/avr8-gnu-toolchain/bin/../lib/gcc/avr/5.4.0/avr5\libgcc.a(_copy_data.o)
 .text.libgcc.builtins
                0x00000000        0x0 d:/eme_embedded_eui/ides/atmel/7.0/toolchain/avr8/avr8-gnu-toolchain/bin/../lib/gcc/avr/5.4.0/avr5\libgcc.a(_copy_data.o)
 .text.libgcc.fmul
                0x00000000        0x0 d:/eme_embedded_eui/ides/atmel/7.0/toolchain/avr8/avr8-gnu-toolchain/bin/../lib/gcc/avr/5.4.0/avr5\libgcc.a(_copy_data.o)
 .text.libgcc.fixed
                0x00000000        0x0 d:/eme_embedded_eui/ides/atmel/7.0/toolchain/avr8/avr8-gnu-toolchain/bin/../lib/gcc/avr/5.4.0/avr5\libgcc.a(_copy_data.o)
 .text          0x00000000        0x0 d:/eme_embedded_eui/ides/atmel/7.0/toolchain/avr8/avr8-gnu-toolchain/bin/../lib/gcc/avr/5.4.0/avr5\libgcc.a(_clear_bss.o)
 .data          0x00000000        0x0 d:/eme_embedded_eui/ides/atmel/7.0/toolchain/avr8/avr8-gnu-toolchain/bin/../lib/gcc/avr/5.4.0/avr5\libgcc.a(_clear_bss.o)
 .bss           0x00000000        0x0 d:/eme_embedded_eui/ides/atmel/7.0/toolchain/avr8/avr8-gnu-toolchain/bin/../lib/gcc/avr/5.4.0/avr5\libgcc.a(_clear_bss.o)
 .text.libgcc.mul
                0x00000000        0x0 d:/eme_embedded_eui/ides/atmel/7.0/toolchain/avr8/avr8-gnu-toolchain/bin/../lib/gcc/avr/5.4.0/avr5\libgcc.a(_clear_bss.o)
 .text.libgcc.div
                0x00000000        0x0 d:/eme_embedded_eui/ides/atmel/7.0/toolchain/avr8/avr8-gnu-toolchain/bin/../lib/gcc/avr/5.4.0/avr5\libgcc.a(_clear_bss.o)
 .text.libgcc   0x00000000        0x0 d:/eme_embedded_eui/ides/atmel/7.0/toolchain/avr8/avr8-gnu-toolchain/bin/../lib/gcc/avr/5.4.0/avr5\libgcc.a(_clear_bss.o)
 .text.libgcc.prologue
                0x00000000        0x0 d:/eme_embedded_eui/ides/atmel/7.0/toolchain/avr8/avr8-gnu-toolchain/bin/../lib/gcc/avr/5.4.0/avr5\libgcc.a(_clear_bss.o)
 .text.libgcc.builtins
                0x00000000        0x0 d:/eme_embedded_eui/ides/atmel/7.0/toolchain/avr8/avr8-gnu-toolchain/bin/../lib/gcc/avr/5.4.0/avr5\libgcc.a(_clear_bss.o)
 .text.libgcc.fmul
                0x00000000        0x0 d:/eme_embedded_eui/ides/atmel/7.0/toolchain/avr8/avr8-gnu-toolchain/bin/../lib/gcc/avr/5.4.0/avr5\libgcc.a(_clear_bss.o)
 .text.libgcc.fixed
                0x00000000        0x0 d:/eme_embedded_eui/ides/atmel/7.0/toolchain/avr8/avr8-gnu-toolchain/bin/../lib/gcc/avr/5.4.0/avr5\libgcc.a(_clear_bss.o)

Memory Configuration

Name             Origin             Length             Attributes
text             0x00000000         0x00008000         xr
data             0x00800060         0x00000800         rw !x
eeprom           0x00810000         0x00000400         rw !x
fuse             0x00820000         0x00000002         rw !x
lock             0x00830000         0x00000400         rw !x
signature        0x00840000         0x00000400         rw !x
user_signatures  0x00850000         0x00000400         rw !x
*default*        0x00000000         0xffffffff

Linker script and memory map

LOAD D:/EME_Embedded_EUI/IDEs/Atmel/7.0/Packs/atmel/ATmega_DFP/1.7.374/gcc/dev/atmega32/avr5/crtatmega32.o
LOAD HAL/LCD/LCD.o
LOAD HAL/LED/LED.o
LOAD main.o
LOAD MCAL/DIO/DIO.o
LOAD MCAL/EXTI/interrupts.o
START GROUP
LOAD d:/eme_embedded_eui/ides/atmel/7.0/toolchain/avr8/avr8-gnu-toolchain/bin/../lib/gcc/avr/5.4.0/../../../../avr/lib/avr5\libm.a
END GROUP
START GROUP
LOAD d:/eme_embedded_eui/ides/atmel/7.0/toolchain/avr8/avr8-gnu-toolchain/bin/../lib/gcc/avr/5.4.0/avr5\libgcc.a
LOAD d:/eme_embedded_eui/ides/atmel/7.0/toolchain/avr8/avr8-gnu-toolchain/bin/../lib/gcc/avr/5.4.0/../../../../avr/lib/avr5\libm.a
LOAD d:/eme_embedded_eui/ides/atmel/7.0/toolchain/avr8/avr8-gnu-toolchain/bin/../lib/gcc/avr/5.4.0/../../../../avr/lib/avr5\libc.a
LOAD D:/EME_Embedded_EUI/IDEs/Atmel/7.0/Packs/atmel/ATmega_DFP/1.7.374/gcc/dev/atmega32/avr5\libatmega32.a
END GROUP
                0x00000000                __TEXT_REGION_ORIGIN__ = DEFINED (__TEXT_REGION_ORIGIN__)?__TEXT_REGION_ORIGIN__:0x0
                [0x00800060]                __DATA_REGION_ORIGIN__ = DEFINED (__DATA_REGION_ORIGIN__)?__DATA_REGION_ORIGIN__:0x800060
                [0x00008000]                __TEXT_REGION_LENGTH__ = DEFINED (__TEXT_REGION_LENGTH__)?__TEXT_REGION_LENGTH__:0x20000
                [0x00000800]                __DATA_REGION_LENGTH__ = DEFINED (__DATA_REGION_LENGTH__)?__DATA_REGION_LENGTH__:0xffa0
                [0x00000400]                __EEPROM_REGION_LENGTH__ = DEFINED (__EEPROM_REGION_LENGTH__)?__EEPROM_REGION_LENGTH__:0x10000
                [0x00000002]                __FUSE_REGION_LENGTH__ = DEFINED (__FUSE_REGION_LENGTH__)?__FUSE_REGION_LENGTH__:0x400
                0x00000400                __LOCK_REGION_LENGTH__ = DEFINED (__LOCK_REGION_LENGTH__)?__LOCK_REGION_LENGTH__:0x400
                0x00000400                __SIGNATURE_REGION_LENGTH__ = DEFINED (__SIGNATURE_REGION_LENGTH__)?__SIGNATURE_REGION_LENGTH__:0x400
                0x00000400                __USER_SIGNATURE_REGION_LENGTH__ = DEFINED (__USER_SIGNATURE_REGION_LENGTH__)?__USER_SIGNATURE_REGION_LENGTH__:0x400

.hash
 *(.hash)

.dynsym
 *(.dynsym)

.dynstr
 *(.dynstr)

.gnu.version
 *(.gnu.version)

.gnu.version_d
 *(.gnu.version_d)

.gnu.version_r
 *(.gnu.version_r)

.rel.init
 *(.rel.init)

.rela.init
 *(.rela.init)

.rel.text
 *(.rel.text)
 *(.rel.text.*)
 *(.rel.gnu.linkonce.t*)

.rela.text
 *(.rela.text)
 *(.rela.text.*)
 *(.rela.gnu.linkonce.t*)

.rel.fini
 *(.rel.fini)

.rela.fini
 *(.rela.fini)

.rel.rodata
 *(.rel.rodata)
 *(.rel.rodata.*)
 *(.rel.gnu.linkonce.r*)

.rela.rodata
 *(.rela.rodata)
 *(.rela.rodata.*)
 *(.rela.gnu.linkonce.r*)

.rel.data
 *(.rel.data)
 *(.rel.data.*)
 *(.rel.gnu.linkonce.d*)

.rela.data
 *(.rela.data)
 *(.rela.data.*)
 *(.rela.gnu.linkonce.d*)

.rel.ctors
 *(.rel.ctors)

.rela.ctors
 *(.rela.ctors)

.rel.dtors
 *(.rel.dtors)

.rela.dtors
 *(.rela.dtors)

.rel.got
 *(.rel.got)

.rela.got
 *(.rela.got)

.rel.bss
 *(.rel.bss)

.rela.bss
 *(.rela.bss)

.rel.plt
 *(.rel.plt)

.rela.plt
 *(.rela.plt)

.text           0x00000000      0x664
 *(.vectors)
 .vectors       0x00000000       0x54 D:/EME_Embedded_EUI/IDEs/Atmel/7.0/Packs/atmel/ATmega_DFP/1.7.374/gcc/dev/atmega32/avr5/crtatmega32.o
                0x00000000                __vector_default
                0x00000000                __vectors
 *(.vectors)
 *(.progmem.gcc*)
                0x00000054                . = ALIGN (0x2)
                0x00000054                __trampolines_start = .
 *(.trampolines)
 .trampolines   0x00000054        0x0 linker stubs
 *(.trampolines*)
                0x00000054                __trampolines_end = .
 *libprintf_flt.a:*(.progmem.data)
 *libc.a:*(.progmem.data)
 *(.progmem*)
                0x00000054                . = ALIGN (0x2)
 *(.jumptables)
 *(.jumptables*)
 *(.lowtext)
 *(.lowtext*)
                0x00000054                __ctors_start = .
 *(.ctors)
                0x00000054                __ctors_end = .
                0x00000054                __dtors_start = .
 *(.dtors)
                0x00000054                __dtors_end = .
 SORT(*)(.ctors)
 SORT(*)(.dtors)
 *(.init0)
 .init0         0x00000054        0x0 D:/EME_Embedded_EUI/IDEs/Atmel/7.0/Packs/atmel/ATmega_DFP/1.7.374/gcc/dev/atmega32/avr5/crtatmega32.o
                0x00000054                __init
 *(.init0)
 *(.init1)
 *(.init1)
 *(.init2)
 .init2         0x00000054        0xc D:/EME_Embedded_EUI/IDEs/Atmel/7.0/Packs/atmel/ATmega_DFP/1.7.374/gcc/dev/atmega32/avr5/crtatmega32.o
 *(.init2)
 *(.init3)
 *(.init3)
 *(.init4)
 .init4         0x00000060       0x16 d:/eme_embedded_eui/ides/atmel/7.0/toolchain/avr8/avr8-gnu-toolchain/bin/../lib/gcc/avr/5.4.0/avr5\libgcc.a(_copy_data.o)
                0x00000060                __do_copy_data
 .init4         0x00000076       0x10 d:/eme_embedded_eui/ides/atmel/7.0/toolchain/avr8/avr8-gnu-toolchain/bin/../lib/gcc/avr/5.4.0/avr5\libgcc.a(_clear_bss.o)
                0x00000076                __do_clear_bss
 *(.init4)
 *(.init5)
 *(.init5)
 *(.init6)
 *(.init6)
 *(.init7)
 *(.init7)
 *(.init8)
 *(.init8)
 *(.init9)
 .init9         0x00000086        0x8 D:/EME_Embedded_EUI/IDEs/Atmel/7.0/Packs/atmel/ATmega_DFP/1.7.374/gcc/dev/atmega32/avr5/crtatmega32.o
 *(.init9)
 *(.text)
 .text          0x0000008e        0x4 D:/EME_Embedded_EUI/IDEs/Atmel/7.0/Packs/atmel/ATmega_DFP/1.7.374/gcc/dev/atmega32/avr5/crtatmega32.o
                0x0000008e                __vector_1
                0x0000008e                __vector_12
                0x0000008e                __bad_interrupt
                0x0000008e                __vector_6
                0x0000008e                __vector_3
                0x0000008e                __vector_11
                0x0000008e                __vector_13
                0x0000008e                __vector_17
                0x0000008e                __vector_19
                0x0000008e                __vector_7
                0x0000008e                __vector_5
                0x0000008e                __vector_4
                0x0000008e                __vector_9
                0x0000008e                __vector_15
                0x0000008e                __vector_8
                0x0000008e                __vector_14
                0x0000008e                __vector_10
                0x0000008e                __vector_16
                0x0000008e                __vector_18
                0x0000008e                __vector_20
                0x00000092                . = ALIGN (0x2)
 *(.text.*)
 .text.LCD_WriteCommand
                0x00000092       0x9c HAL/LCD/LCD.o
                0x00000092                LCD_WriteCommand
 .text.LCD_init
                0x0000012e       0x42 HAL/LCD/LCD.o
                0x0000012e                LCD_init
 .text.LCD_WriteChar
                0x00000170       0xa6 HAL/LCD/LCD.o
                0x00000170                LCD_WriteChar
 .text.LCD_WriteString
                0x00000216       0x1a HAL/LCD/LCD.o
                0x00000216                LCD_WriteString
 .text.LCD_Clear
                0x00000230        0x8 HAL/LCD/LCD.o
                0x00000230                LCD_Clear
 .text.LED_init
                0x00000238       0x52 HAL/LED/LED.o
                0x00000238                LED_init
 .text.RED_LED  0x0000028a       0x1e HAL/LED/LED.o
                0x0000028a                RED_LED
 .text.BLUE_LED
                0x000002a8       0x20 HAL/LED/LED.o
                0x000002a8                BLUE_LED
 .text.main     0x000002c8       0x64 main.o
                0x000002c8                main
 .text.__vector_2
                0x0000032c       0xe8 main.o
                0x0000032c                __vector_2
 .text.DIO_setPortDirection
                0x00000414       0x20 MCAL/DIO/DIO.o
                0x00000414                DIO_setPortDirection
 .text.DIO_setPinDirection
                0x00000434       0xe0 MCAL/DIO/DIO.o
                0x00000434                DIO_setPinDirection
 .text.DIO_WritePin
                0x00000514       0xdc MCAL/DIO/DIO.o
                0x00000514                DIO_WritePin
 .text.EXTI_GlobalSet
                0x000005f0        0x8 MCAL/EXTI/interrupts.o
                0x000005f0                EXTI_GlobalSet
 .text.EXTI_interruptconfig
                0x000005f8       0x68 MCAL/EXTI/interrupts.o
                0x000005f8                EXTI_interruptconfig
                0x00000660                . = ALIGN (0x2)
 *(.fini9)
 .fini9         0x00000660        0x0 d:/eme_embedded_eui/ides/atmel/7.0/toolchain/avr8/avr8-gnu-toolchain/bin/../lib/gcc/avr/5.4.0/avr5\libgcc.a(_exit.o)
                0x00000660                _exit
                0x00000660                exit
 *(.fini9)
 *(.fini8)
 *(.fini8)
 *(.fini7)
 *(.fini7)
 *(.fini6)
 *(.fini6)
 *(.fini5)
 *(.fini5)
 *(.fini4)
 *(.fini4)
 *(.fini3)
 *(.fini3)
 *(.fini2)
 *(.fini2)
 *(.fini1)
 *(.fini1)
 *(.fini0)
 .fini0         0x00000660        0x4 d:/eme_embedded_eui/ides/atmel/7.0/toolchain/avr8/avr8-gnu-toolchain/bin/../lib/gcc/avr/5.4.0/avr5\libgcc.a(_exit.o)
 *(.fini0)
                0x00000664                _etext = .

.data           0x00800060        0x8 load address 0x00000664
                0x00800060                PROVIDE (__data_start, .)
 *(.data)
 *(.data*)
 *(.gnu.linkonce.d*)
 *(.rodata)
 *(.rodata*)
 .rodata.str1.1
                0x00800060        0x7 main.o
 *(.gnu.linkonce.r*)
                0x00800068                . = ALIGN (0x2)
 *fill*         0x00800067        0x1 
                0x00800068                _edata = .
                0x00800068                PROVIDE (__data_end, .)

.bss            0x00800068        0x2
                0x00800068                PROVIDE (__bss_start, .)
 *(.bss)
 *(.bss*)
 *(COMMON)
 COMMON         0x00800068        0x2 main.o
                0x00800068                external_interrupt_config
                0x0080006a                PROVIDE (__bss_end, .)
                0x00000664                __data_load_start = LOADADDR (.data)
                0x0000066c                __data_load_end = (__data_load_start + SIZEOF (.data))

.noinit         0x0080006a        0x0
                [!provide]                PROVIDE (__noinit_start, .)
 *(.noinit*)
                [!provide]                PROVIDE (__noinit_end, .)
                0x0080006a                _end = .
                [!provide]                PROVIDE (__heap_start, .)

.eeprom         0x00810000        0x0
 *(.eeprom*)
                0x00810000                __eeprom_end = .

.fuse
 *(.fuse)
 *(.lfuse)
 *(.hfuse)
 *(.efuse)

.lock
 *(.lock*)

.signature
 *(.signature*)

.user_signatures
 *(.user_signatures*)

.stab
 *(.stab)

.stabstr
 *(.stabstr)

.stab.excl
 *(.stab.excl)

.stab.exclstr
 *(.stab.exclstr)

.stab.index
 *(.stab.index)

.stab.indexstr
 *(.stab.indexstr)

.comment        0x00000000       0x30
 *(.comment)
 .comment       0x00000000       0x30 HAL/LCD/LCD.o
                                 0x31 (size before relaxing)
 .comment       0x00000030       0x31 HAL/LED/LED.o
 .comment       0x00000030       0x31 main.o
 .comment       0x00000030       0x31 MCAL/DIO/DIO.o
 .comment       0x00000030       0x31 MCAL/EXTI/interrupts.o

.note.gnu.avr.deviceinfo
                0x00000000       0x3c
 .note.gnu.avr.deviceinfo
                0x00000000       0x3c D:/EME_Embedded_EUI/IDEs/Atmel/7.0/Packs/atmel/ATmega_DFP/1.7.374/gcc/dev/atmega32/avr5/crtatmega32.o

.note.gnu.build-id
 *(.note.gnu.build-id)

.debug
 *(.debug)

.line
 *(.line)

.debug_srcinfo
 *(.debug_srcinfo)

.debug_sfnames
 *(.debug_sfnames)

.debug_aranges  0x00000000      0x120
 *(.debug_aranges)
 .debug_aranges
                0x00000000       0x48 HAL/LCD/LCD.o
 .debug_aranges
                0x00000048       0x40 HAL/LED/LED.o
 .debug_aranges
                0x00000088       0x28 main.o
 .debug_aranges
                0x000000b0       0x48 MCAL/DIO/DIO.o
 .debug_aranges
                0x000000f8       0x28 MCAL/EXTI/interrupts.o

.debug_pubnames
 *(.debug_pubnames)

.debug_info     0x00000000     0x14d1
 *(.debug_info .gnu.linkonce.wi.*)
 .debug_info    0x00000000      0x4e6 D:/EME_Embedded_EUI/IDEs/Atmel/7.0/Packs/atmel/ATmega_DFP/1.7.374/gcc/dev/atmega32/avr5/crtatmega32.o
 .debug_info    0x000004e6      0x56e HAL/LCD/LCD.o
 .debug_info    0x00000a54      0x2ea HAL/LED/LED.o
 .debug_info    0x00000d3e      0x44b main.o
 .debug_info    0x00001189      0x1e6 MCAL/DIO/DIO.o
 .debug_info    0x0000136f      0x162 MCAL/EXTI/interrupts.o

.debug_abbrev   0x00000000      0x991
 *(.debug_abbrev)
 .debug_abbrev  0x00000000      0x4a3 D:/EME_Embedded_EUI/IDEs/Atmel/7.0/Packs/atmel/ATmega_DFP/1.7.374/gcc/dev/atmega32/avr5/crtatmega32.o
 .debug_abbrev  0x000004a3      0x15c HAL/LCD/LCD.o
 .debug_abbrev  0x000005ff       0xb0 HAL/LED/LED.o
 .debug_abbrev  0x000006af      0x17f main.o
 .debug_abbrev  0x0000082e       0xa1 MCAL/DIO/DIO.o
 .debug_abbrev  0x000008cf       0xc2 MCAL/EXTI/interrupts.o

.debug_line     0x00000000      0xb0f
 *(.debug_line .debug_line.* .debug_line_end)
 .debug_line    0x00000000      0x116 D:/EME_Embedded_EUI/IDEs/Atmel/7.0/Packs/atmel/ATmega_DFP/1.7.374/gcc/dev/atmega32/avr5/crtatmega32.o
 .debug_line    0x00000116      0x2cb HAL/LCD/LCD.o
 .debug_line    0x000003e1      0x180 HAL/LED/LED.o
 .debug_line    0x00000561      0x215 main.o
 .debug_line    0x00000776      0x28d MCAL/DIO/DIO.o
 .debug_line    0x00000a03      0x10c MCAL/EXTI/interrupts.o

.debug_frame    0x00000000      0x224
 *(.debug_frame)
 .debug_frame   0x00000000       0x90 HAL/LCD/LCD.o
 .debug_frame   0x00000090       0x64 HAL/LED/LED.o
 .debug_frame   0x000000f4       0x7c main.o
 .debug_frame   0x00000170       0x74 MCAL/DIO/DIO.o
 .debug_frame   0x000001e4       0x40 MCAL/EXTI/interrupts.o

.debug_str      0x00000000      0x5b7
 *(.debug_str)
 .debug_str     0x00000000      0x196 D:/EME_Embedded_EUI/IDEs/Atmel/7.0/Packs/atmel/ATmega_DFP/1.7.374/gcc/dev/atmega32/avr5/crtatmega32.o
 .debug_str     0x00000196      0x265 HAL/LCD/LCD.o
                                0x299 (size before relaxing)
 .debug_str     0x000003fb       0x46 HAL/LED/LED.o
                                0x1d9 (size before relaxing)
 .debug_str     0x00000441      0x106 main.o
                                0x329 (size before relaxing)
 .debug_str     0x00000547       0x39 MCAL/DIO/DIO.o
                                0x1e6 (size before relaxing)
 .debug_str     0x00000580       0x37 MCAL/EXTI/interrupts.o
                                0x279 (size before relaxing)

.debug_loc      0x00000000      0x9af
 *(.debug_loc)
 .debug_loc     0x00000000      0x3b7 HAL/LCD/LCD.o
 .debug_loc     0x000003b7       0xe8 HAL/LED/LED.o
 .debug_loc     0x0000049f      0x233 main.o
 .debug_loc     0x000006d2      0x278 MCAL/DIO/DIO.o
 .debug_loc     0x0000094a       0x65 MCAL/EXTI/interrupts.o

.debug_macinfo
 *(.debug_macinfo)

.debug_weaknames
 *(.debug_weaknames)

.debug_funcnames
 *(.debug_funcnames)

.debug_typenames
 *(.debug_typenames)

.debug_varnames
 *(.debug_varnames)

.debug_pubtypes
 *(.debug_pubtypes)

.debug_ranges   0x00000000       0xd0
 *(.debug_ranges)
 .debug_ranges  0x00000000       0x38 HAL/LCD/LCD.o
 .debug_ranges  0x00000038       0x30 HAL/LED/LED.o
 .debug_ranges  0x00000068       0x18 main.o
 .debug_ranges  0x00000080       0x38 MCAL/DIO/DIO.o
 .debug_ranges  0x000000b8       0x18 MCAL/EXTI/interrupts.o

.debug_macro
 *(.debug_macro)
OUTPUT(Traffic_control_lights.elf elf32-avr)
LOAD linker stubs
