Archive member included to satisfy reference by file (symbol)

d:/eme_embedded_eui/ides/atmel/7.0/toolchain/avr8/avr8-gnu-toolchain/bin/../lib/gcc/avr/5.4.0/avr5\libgcc.a(_exit.o)
                              D:/EME_Embedded_EUI/IDEs/Atmel/7.0/Packs/atmel/ATmega_DFP/1.7.374/gcc/dev/atmega32/avr5/crtatmega32.o (exit)
d:/eme_embedded_eui/ides/atmel/7.0/toolchain/avr8/avr8-gnu-toolchain/bin/../lib/gcc/avr/5.4.0/avr5\libgcc.a(_copy_data.o)
                              APP/APP.o (__do_copy_data)
d:/eme_embedded_eui/ides/atmel/7.0/toolchain/avr8/avr8-gnu-toolchain/bin/../lib/gcc/avr/5.4.0/avr5\libgcc.a(_clear_bss.o)
                              HAL/BUTTON/Button.o (__do_clear_bss)
d:/eme_embedded_eui/ides/atmel/7.0/toolchain/avr8/avr8-gnu-toolchain/bin/../lib/gcc/avr/5.4.0/../../../../avr/lib/avr5\libc.a(ltoa_ncheck.o)
                              HAL/LCD/LCD.o (__ltoa_ncheck)
d:/eme_embedded_eui/ides/atmel/7.0/toolchain/avr8/avr8-gnu-toolchain/bin/../lib/gcc/avr/5.4.0/../../../../avr/lib/avr5\libc.a(ultoa_ncheck.o)
                              d:/eme_embedded_eui/ides/atmel/7.0/toolchain/avr8/avr8-gnu-toolchain/bin/../lib/gcc/avr/5.4.0/../../../../avr/lib/avr5\libc.a(ltoa_ncheck.o) (__ultoa_common)
d:/eme_embedded_eui/ides/atmel/7.0/toolchain/avr8/avr8-gnu-toolchain/bin/../lib/gcc/avr/5.4.0/../../../../avr/lib/avr5\libc.a(strrev.o)
                              d:/eme_embedded_eui/ides/atmel/7.0/toolchain/avr8/avr8-gnu-toolchain/bin/../lib/gcc/avr/5.4.0/../../../../avr/lib/avr5\libc.a(ultoa_ncheck.o) (strrev)

Allocating common symbols
Common symbol       size              file

EXTI_Config         0x2               HAL/BUTTON/Button.o

Discarded input sections

 .data          0x00000000        0x0 D:/EME_Embedded_EUI/IDEs/Atmel/7.0/Packs/atmel/ATmega_DFP/1.7.374/gcc/dev/atmega32/avr5/crtatmega32.o
 .bss           0x00000000        0x0 D:/EME_Embedded_EUI/IDEs/Atmel/7.0/Packs/atmel/ATmega_DFP/1.7.374/gcc/dev/atmega32/avr5/crtatmega32.o
 .text          0x00000000        0x0 APP/APP.o
 .data          0x00000000        0x0 APP/APP.o
 .bss           0x00000000        0x0 APP/APP.o
 .text          0x00000000        0x0 HAL/BUTTON/Button.o
 .data          0x00000000        0x0 HAL/BUTTON/Button.o
 .bss           0x00000000        0x0 HAL/BUTTON/Button.o
 .text          0x00000000        0x0 HAL/LCD/LCD.o
 .data          0x00000000        0x0 HAL/LCD/LCD.o
 .bss           0x00000000        0x0 HAL/LCD/LCD.o
 .text.LCD_intgerToString
                0x00000000       0x3a HAL/LCD/LCD.o
 .text          0x00000000        0x0 HAL/LED/LED.o
 .data          0x00000000        0x0 HAL/LED/LED.o
 .bss           0x00000000        0x0 HAL/LED/LED.o
 .text          0x00000000        0x0 main.o
 .data          0x00000000        0x0 main.o
 .bss           0x00000000        0x0 main.o
 .text          0x00000000        0x0 MCAL/DIO/DIO.o
 .data          0x00000000        0x0 MCAL/DIO/DIO.o
 .bss           0x00000000        0x0 MCAL/DIO/DIO.o
 .text.DIO_ReadPort
                0x00000000       0x30 MCAL/DIO/DIO.o
 .text.DIO_WritePort
                0x00000000       0x20 MCAL/DIO/DIO.o
 .text.DIO_setPortDirection
                0x00000000       0x20 MCAL/DIO/DIO.o
 .text.DIO_ReadPin
                0x00000000       0x68 MCAL/DIO/DIO.o
 .text          0x00000000        0x0 MCAL/EXTI/interrupts.o
 .data          0x00000000        0x0 MCAL/EXTI/interrupts.o
 .bss           0x00000000        0x0 MCAL/EXTI/interrupts.o
 .text          0x00000000        0x0 d:/eme_embedded_eui/ides/atmel/7.0/toolchain/avr8/avr8-gnu-toolchain/bin/../lib/gcc/avr/5.4.0/avr5\libgcc.a(_exit.o)
 .data          0x00000000        0x0 d:/eme_embedded_eui/ides/atmel/7.0/toolchain/avr8/avr8-gnu-toolchain/bin/../lib/gcc/avr/5.4.0/avr5\libgcc.a(_exit.o)
 .bss           0x00000000        0x0 d:/eme_embedded_eui/ides/atmel/7.0/toolchain/avr8/avr8-gnu-toolchain/bin/../lib/gcc/avr/5.4.0/avr5\libgcc.a(_exit.o)
 .text.libgcc.mul
                0x00000000        0x0 d:/eme_embedded_eui/ides/atmel/7.0/toolchain/avr8/avr8-gnu-toolchain/bin/../lib/gcc/avr/5.4.0/avr5\libgcc.a(_exit.o)
 .text.libgcc.div
                0x00000000        0x0 d:/eme_embedded_eui/ides/atmel/7.0/toolchain/avr8/avr8-gnu-toolchain/bin/../lib/gcc/avr/5.4.0/avr5\libgcc.a(_exit.o)
 .text.libgcc   0x00000000        0x0 d:/eme_embedded_eui/ides/atmel/7.0/toolchain/avr8/avr8-gnu-toolchain/bin/../lib/gcc/avr/5.4.0/avr5\libgcc.a(_exit.o)
 .text.libgcc.prologue
                0x00000000        0x0 d:/eme_embedded_eui/ides/atmel/7.0/toolchain/avr8/avr8-gnu-toolchain/bin/../lib/gcc/avr/5.4.0/avr5\libgcc.a(_exit.o)
 .text.libgcc.builtins
                0x00000000        0x0 d:/eme_embedded_eui/ides/atmel/7.0/toolchain/avr8/avr8-gnu-toolchain/bin/../lib/gcc/avr/5.4.0/avr5\libgcc.a(_exit.o)
 .text.libgcc.fmul
                0x00000000        0x0 d:/eme_embedded_eui/ides/atmel/7.0/toolchain/avr8/avr8-gnu-toolchain/bin/../lib/gcc/avr/5.4.0/avr5\libgcc.a(_exit.o)
 .text.libgcc.fixed
                0x00000000        0x0 d:/eme_embedded_eui/ides/atmel/7.0/toolchain/avr8/avr8-gnu-toolchain/bin/../lib/gcc/avr/5.4.0/avr5\libgcc.a(_exit.o)
 .text          0x00000000        0x0 d:/eme_embedded_eui/ides/atmel/7.0/toolchain/avr8/avr8-gnu-toolchain/bin/../lib/gcc/avr/5.4.0/avr5\libgcc.a(_copy_data.o)
 .data          0x00000000        0x0 d:/eme_embedded_eui/ides/atmel/7.0/toolchain/avr8/avr8-gnu-toolchain/bin/../lib/gcc/avr/5.4.0/avr5\libgcc.a(_copy_data.o)
 .bss           0x00000000        0x0 d:/eme_embedded_eui/ides/atmel/7.0/toolchain/avr8/avr8-gnu-toolchain/bin/../lib/gcc/avr/5.4.0/avr5\libgcc.a(_copy_data.o)
 .text.libgcc.mul
                0x00000000        0x0 d:/eme_embedded_eui/ides/atmel/7.0/toolchain/avr8/avr8-gnu-toolchain/bin/../lib/gcc/avr/5.4.0/avr5\libgcc.a(_copy_data.o)
 .text.libgcc.div
                0x00000000        0x0 d:/eme_embedded_eui/ides/atmel/7.0/toolchain/avr8/avr8-gnu-toolchain/bin/../lib/gcc/avr/5.4.0/avr5\libgcc.a(_copy_data.o)
 .text.libgcc   0x00000000        0x0 d:/eme_embedded_eui/ides/atmel/7.0/toolchain/avr8/avr8-gnu-toolchain/bin/../lib/gcc/avr/5.4.0/avr5\libgcc.a(_copy_data.o)
 .text.libgcc.prologue
                0x00000000        0x0 d:/eme_embedded_eui/ides/atmel/7.0/toolchain/avr8/avr8-gnu-toolchain/bin/../lib/gcc/avr/5.4.0/avr5\libgcc.a(_copy_data.o)
 .text.libgcc.builtins
                0x00000000        0x0 d:/eme_embedded_eui/ides/atmel/7.0/toolchain/avr8/avr8-gnu-toolchain/bin/../lib/gcc/avr/5.4.0/avr5\libgcc.a(_copy_data.o)
 .text.libgcc.fmul
                0x00000000        0x0 d:/eme_embedded_eui/ides/atmel/7.0/toolchain/avr8/avr8-gnu-toolchain/bin/../lib/gcc/avr/5.4.0/avr5\libgcc.a(_copy_data.o)
 .text.libgcc.fixed
                0x00000000        0x0 d:/eme_embedded_eui/ides/atmel/7.0/toolchain/avr8/avr8-gnu-toolchain/bin/../lib/gcc/avr/5.4.0/avr5\libgcc.a(_copy_data.o)
 .text          0x00000000        0x0 d:/eme_embedded_eui/ides/atmel/7.0/toolchain/avr8/avr8-gnu-toolchain/bin/../lib/gcc/avr/5.4.0/avr5\libgcc.a(_clear_bss.o)
 .data          0x00000000        0x0 d:/eme_embedded_eui/ides/atmel/7.0/toolchain/avr8/avr8-gnu-toolchain/bin/../lib/gcc/avr/5.4.0/avr5\libgcc.a(_clear_bss.o)
 .bss           0x00000000        0x0 d:/eme_embedded_eui/ides/atmel/7.0/toolchain/avr8/avr8-gnu-toolchain/bin/../lib/gcc/avr/5.4.0/avr5\libgcc.a(_clear_bss.o)
 .text.libgcc.mul
                0x00000000        0x0 d:/eme_embedded_eui/ides/atmel/7.0/toolchain/avr8/avr8-gnu-toolchain/bin/../lib/gcc/avr/5.4.0/avr5\libgcc.a(_clear_bss.o)
 .text.libgcc.div
                0x00000000        0x0 d:/eme_embedded_eui/ides/atmel/7.0/toolchain/avr8/avr8-gnu-toolchain/bin/../lib/gcc/avr/5.4.0/avr5\libgcc.a(_clear_bss.o)
 .text.libgcc   0x00000000        0x0 d:/eme_embedded_eui/ides/atmel/7.0/toolchain/avr8/avr8-gnu-toolchain/bin/../lib/gcc/avr/5.4.0/avr5\libgcc.a(_clear_bss.o)
 .text.libgcc.prologue
                0x00000000        0x0 d:/eme_embedded_eui/ides/atmel/7.0/toolchain/avr8/avr8-gnu-toolchain/bin/../lib/gcc/avr/5.4.0/avr5\libgcc.a(_clear_bss.o)
 .text.libgcc.builtins
                0x00000000        0x0 d:/eme_embedded_eui/ides/atmel/7.0/toolchain/avr8/avr8-gnu-toolchain/bin/../lib/gcc/avr/5.4.0/avr5\libgcc.a(_clear_bss.o)
 .text.libgcc.fmul
                0x00000000        0x0 d:/eme_embedded_eui/ides/atmel/7.0/toolchain/avr8/avr8-gnu-toolchain/bin/../lib/gcc/avr/5.4.0/avr5\libgcc.a(_clear_bss.o)
 .text.libgcc.fixed
                0x00000000        0x0 d:/eme_embedded_eui/ides/atmel/7.0/toolchain/avr8/avr8-gnu-toolchain/bin/../lib/gcc/avr/5.4.0/avr5\libgcc.a(_clear_bss.o)
 .text          0x00000000        0x0 d:/eme_embedded_eui/ides/atmel/7.0/toolchain/avr8/avr8-gnu-toolchain/bin/../lib/gcc/avr/5.4.0/../../../../avr/lib/avr5\libc.a(ltoa_ncheck.o)
 .data          0x00000000        0x0 d:/eme_embedded_eui/ides/atmel/7.0/toolchain/avr8/avr8-gnu-toolchain/bin/../lib/gcc/avr/5.4.0/../../../../avr/lib/avr5\libc.a(ltoa_ncheck.o)
 .bss           0x00000000        0x0 d:/eme_embedded_eui/ides/atmel/7.0/toolchain/avr8/avr8-gnu-toolchain/bin/../lib/gcc/avr/5.4.0/../../../../avr/lib/avr5\libc.a(ltoa_ncheck.o)
 .text.avr-libc
                0x00000000       0x1e d:/eme_embedded_eui/ides/atmel/7.0/toolchain/avr8/avr8-gnu-toolchain/bin/../lib/gcc/avr/5.4.0/../../../../avr/lib/avr5\libc.a(ltoa_ncheck.o)
 .text          0x00000000        0x0 d:/eme_embedded_eui/ides/atmel/7.0/toolchain/avr8/avr8-gnu-toolchain/bin/../lib/gcc/avr/5.4.0/../../../../avr/lib/avr5\libc.a(ultoa_ncheck.o)
 .data          0x00000000        0x0 d:/eme_embedded_eui/ides/atmel/7.0/toolchain/avr8/avr8-gnu-toolchain/bin/../lib/gcc/avr/5.4.0/../../../../avr/lib/avr5\libc.a(ultoa_ncheck.o)
 .bss           0x00000000        0x0 d:/eme_embedded_eui/ides/atmel/7.0/toolchain/avr8/avr8-gnu-toolchain/bin/../lib/gcc/avr/5.4.0/../../../../avr/lib/avr5\libc.a(ultoa_ncheck.o)
 .text.avr-libc
                0x00000000       0x44 d:/eme_embedded_eui/ides/atmel/7.0/toolchain/avr8/avr8-gnu-toolchain/bin/../lib/gcc/avr/5.4.0/../../../../avr/lib/avr5\libc.a(ultoa_ncheck.o)
 .text          0x00000000        0x0 d:/eme_embedded_eui/ides/atmel/7.0/toolchain/avr8/avr8-gnu-toolchain/bin/../lib/gcc/avr/5.4.0/../../../../avr/lib/avr5\libc.a(strrev.o)
 .data          0x00000000        0x0 d:/eme_embedded_eui/ides/atmel/7.0/toolchain/avr8/avr8-gnu-toolchain/bin/../lib/gcc/avr/5.4.0/../../../../avr/lib/avr5\libc.a(strrev.o)
 .bss           0x00000000        0x0 d:/eme_embedded_eui/ides/atmel/7.0/toolchain/avr8/avr8-gnu-toolchain/bin/../lib/gcc/avr/5.4.0/../../../../avr/lib/avr5\libc.a(strrev.o)
 .text.avr-libc
                0x00000000       0x20 d:/eme_embedded_eui/ides/atmel/7.0/toolchain/avr8/avr8-gnu-toolchain/bin/../lib/gcc/avr/5.4.0/../../../../avr/lib/avr5\libc.a(strrev.o)

Memory Configuration

Name             Origin             Length             Attributes
text             0x00000000         0x00008000         xr
data             0x00800060         0x00000800         rw !x
eeprom           0x00810000         0x00000400         rw !x
fuse             0x00820000         0x00000002         rw !x
lock             0x00830000         0x00000400         rw !x
signature        0x00840000         0x00000400         rw !x
user_signatures  0x00850000         0x00000400         rw !x
*default*        0x00000000         0xffffffff

Linker script and memory map

LOAD D:/EME_Embedded_EUI/IDEs/Atmel/7.0/Packs/atmel/ATmega_DFP/1.7.374/gcc/dev/atmega32/avr5/crtatmega32.o
LOAD APP/APP.o
LOAD HAL/BUTTON/Button.o
LOAD HAL/LCD/LCD.o
LOAD HAL/LED/LED.o
LOAD main.o
LOAD MCAL/DIO/DIO.o
LOAD MCAL/EXTI/interrupts.o
START GROUP
LOAD d:/eme_embedded_eui/ides/atmel/7.0/toolchain/avr8/avr8-gnu-toolchain/bin/../lib/gcc/avr/5.4.0/../../../../avr/lib/avr5\libm.a
END GROUP
START GROUP
LOAD d:/eme_embedded_eui/ides/atmel/7.0/toolchain/avr8/avr8-gnu-toolchain/bin/../lib/gcc/avr/5.4.0/avr5\libgcc.a
LOAD d:/eme_embedded_eui/ides/atmel/7.0/toolchain/avr8/avr8-gnu-toolchain/bin/../lib/gcc/avr/5.4.0/../../../../avr/lib/avr5\libm.a
LOAD d:/eme_embedded_eui/ides/atmel/7.0/toolchain/avr8/avr8-gnu-toolchain/bin/../lib/gcc/avr/5.4.0/../../../../avr/lib/avr5\libc.a
LOAD D:/EME_Embedded_EUI/IDEs/Atmel/7.0/Packs/atmel/ATmega_DFP/1.7.374/gcc/dev/atmega32/avr5\libatmega32.a
END GROUP
                0x00000000                __TEXT_REGION_ORIGIN__ = DEFINED (__TEXT_REGION_ORIGIN__)?__TEXT_REGION_ORIGIN__:0x0
                [0x00800060]                __DATA_REGION_ORIGIN__ = DEFINED (__DATA_REGION_ORIGIN__)?__DATA_REGION_ORIGIN__:0x800060
                [0x00008000]                __TEXT_REGION_LENGTH__ = DEFINED (__TEXT_REGION_LENGTH__)?__TEXT_REGION_LENGTH__:0x20000
                [0x00000800]                __DATA_REGION_LENGTH__ = DEFINED (__DATA_REGION_LENGTH__)?__DATA_REGION_LENGTH__:0xffa0
                [0x00000400]                __EEPROM_REGION_LENGTH__ = DEFINED (__EEPROM_REGION_LENGTH__)?__EEPROM_REGION_LENGTH__:0x10000
                [0x00000002]                __FUSE_REGION_LENGTH__ = DEFINED (__FUSE_REGION_LENGTH__)?__FUSE_REGION_LENGTH__:0x400
                0x00000400                __LOCK_REGION_LENGTH__ = DEFINED (__LOCK_REGION_LENGTH__)?__LOCK_REGION_LENGTH__:0x400
                0x00000400                __SIGNATURE_REGION_LENGTH__ = DEFINED (__SIGNATURE_REGION_LENGTH__)?__SIGNATURE_REGION_LENGTH__:0x400
                0x00000400                __USER_SIGNATURE_REGION_LENGTH__ = DEFINED (__USER_SIGNATURE_REGION_LENGTH__)?__USER_SIGNATURE_REGION_LENGTH__:0x400

.hash
 *(.hash)

.dynsym
 *(.dynsym)

.dynstr
 *(.dynstr)

.gnu.version
 *(.gnu.version)

.gnu.version_d
 *(.gnu.version_d)

.gnu.version_r
 *(.gnu.version_r)

.rel.init
 *(.rel.init)

.rela.init
 *(.rela.init)

.rel.text
 *(.rel.text)
 *(.rel.text.*)
 *(.rel.gnu.linkonce.t*)

.rela.text
 *(.rela.text)
 *(.rela.text.*)
 *(.rela.gnu.linkonce.t*)

.rel.fini
 *(.rel.fini)

.rela.fini
 *(.rela.fini)

.rel.rodata
 *(.rel.rodata)
 *(.rel.rodata.*)
 *(.rel.gnu.linkonce.r*)

.rela.rodata
 *(.rela.rodata)
 *(.rela.rodata.*)
 *(.rela.gnu.linkonce.r*)

.rel.data
 *(.rel.data)
 *(.rel.data.*)
 *(.rel.gnu.linkonce.d*)

.rela.data
 *(.rela.data)
 *(.rela.data.*)
 *(.rela.gnu.linkonce.d*)

.rel.ctors
 *(.rel.ctors)

.rela.ctors
 *(.rela.ctors)

.rel.dtors
 *(.rel.dtors)

.rela.dtors
 *(.rela.dtors)

.rel.got
 *(.rel.got)

.rela.got
 *(.rela.got)

.rel.bss
 *(.rel.bss)

.rela.bss
 *(.rela.bss)

.rel.plt
 *(.rel.plt)

.rela.plt
 *(.rela.plt)

.text           0x00000000      0x8be
 *(.vectors)
 .vectors       0x00000000       0x54 D:/EME_Embedded_EUI/IDEs/Atmel/7.0/Packs/atmel/ATmega_DFP/1.7.374/gcc/dev/atmega32/avr5/crtatmega32.o
                0x00000000                __vector_default
                0x00000000                __vectors
 *(.vectors)
 *(.progmem.gcc*)
                0x00000054                . = ALIGN (0x2)
                0x00000054                __trampolines_start = .
 *(.trampolines)
 .trampolines   0x00000054        0x0 linker stubs
 *(.trampolines*)
                0x00000054                __trampolines_end = .
 *libprintf_flt.a:*(.progmem.data)
 *libc.a:*(.progmem.data)
 *(.progmem*)
                0x00000054                . = ALIGN (0x2)
 *(.jumptables)
 *(.jumptables*)
 *(.lowtext)
 *(.lowtext*)
                0x00000054                __ctors_start = .
 *(.ctors)
                0x00000054                __ctors_end = .
                0x00000054                __dtors_start = .
 *(.dtors)
                0x00000054                __dtors_end = .
 SORT(*)(.ctors)
 SORT(*)(.dtors)
 *(.init0)
 .init0         0x00000054        0x0 D:/EME_Embedded_EUI/IDEs/Atmel/7.0/Packs/atmel/ATmega_DFP/1.7.374/gcc/dev/atmega32/avr5/crtatmega32.o
                0x00000054                __init
 *(.init0)
 *(.init1)
 *(.init1)
 *(.init2)
 .init2         0x00000054        0xc D:/EME_Embedded_EUI/IDEs/Atmel/7.0/Packs/atmel/ATmega_DFP/1.7.374/gcc/dev/atmega32/avr5/crtatmega32.o
 *(.init2)
 *(.init3)
 *(.init3)
 *(.init4)
 .init4         0x00000060       0x16 d:/eme_embedded_eui/ides/atmel/7.0/toolchain/avr8/avr8-gnu-toolchain/bin/../lib/gcc/avr/5.4.0/avr5\libgcc.a(_copy_data.o)
                0x00000060                __do_copy_data
 .init4         0x00000076       0x10 d:/eme_embedded_eui/ides/atmel/7.0/toolchain/avr8/avr8-gnu-toolchain/bin/../lib/gcc/avr/5.4.0/avr5\libgcc.a(_clear_bss.o)
                0x00000076                __do_clear_bss
 *(.init4)
 *(.init5)
 *(.init5)
 *(.init6)
 *(.init6)
 *(.init7)
 *(.init7)
 *(.init8)
 *(.init8)
 *(.init9)
 .init9         0x00000086        0x8 D:/EME_Embedded_EUI/IDEs/Atmel/7.0/Packs/atmel/ATmega_DFP/1.7.374/gcc/dev/atmega32/avr5/crtatmega32.o
 *(.init9)
 *(.text)
 .text          0x0000008e        0x4 D:/EME_Embedded_EUI/IDEs/Atmel/7.0/Packs/atmel/ATmega_DFP/1.7.374/gcc/dev/atmega32/avr5/crtatmega32.o
                0x0000008e                __vector_1
                0x0000008e                __vector_12
                0x0000008e                __bad_interrupt
                0x0000008e                __vector_6
                0x0000008e                __vector_3
                0x0000008e                __vector_11
                0x0000008e                __vector_13
                0x0000008e                __vector_17
                0x0000008e                __vector_19
                0x0000008e                __vector_7
                0x0000008e                __vector_5
                0x0000008e                __vector_4
                0x0000008e                __vector_9
                0x0000008e                __vector_15
                0x0000008e                __vector_8
                0x0000008e                __vector_14
                0x0000008e                __vector_10
                0x0000008e                __vector_16
                0x0000008e                __vector_18
                0x0000008e                __vector_20
                0x00000092                . = ALIGN (0x2)
 *(.text.*)
 .text.delay_5secs
                0x00000092       0x42 APP/APP.o
                0x00000092                delay_5secs
 .text.YellowBlink
                0x000000d4       0x2c APP/APP.o
                0x000000d4                YellowBlink
 .text.Traffic_state
                0x00000100       0xa2 APP/APP.o
                0x00000100                Traffic_state
 .text.PedestrianButton_init
                0x000001a2       0x36 HAL/BUTTON/Button.o
                0x000001a2                PedestrianButton_init
 .text.__vector_2
                0x000001d8       0xe8 HAL/BUTTON/Button.o
                0x000001d8                __vector_2
 .text.LCD_WriteCommand
                0x000002c0       0xfe HAL/LCD/LCD.o
                0x000002c0                LCD_WriteCommand
 .text.LCD_Init
                0x000003be       0x80 HAL/LCD/LCD.o
                0x000003be                LCD_Init
 .text.LCD_WriteChar
                0x0000043e       0xfe HAL/LCD/LCD.o
                0x0000043e                LCD_WriteChar
 .text.LCD_WriteString
                0x0000053c       0x26 HAL/LCD/LCD.o
                0x0000053c                LCD_WriteString
 .text.LCD_Goto
                0x00000562       0x2c HAL/LCD/LCD.o
                0x00000562                LCD_Goto
 .text.LCD_Clear
                0x0000058e        0x8 HAL/LCD/LCD.o
                0x0000058e                LCD_Clear
 .text.LED_init
                0x00000596       0x52 HAL/LED/LED.o
                0x00000596                LED_init
 .text.RED_LED  0x000005e8       0x1e HAL/LED/LED.o
                0x000005e8                RED_LED
 .text.YELLOW_LED
                0x00000606       0x1e HAL/LED/LED.o
                0x00000606                YELLOW_LED
 .text.GREEN_LED
                0x00000624       0x20 HAL/LED/LED.o
                0x00000624                GREEN_LED
 .text.BLUE_LED
                0x00000644       0x20 HAL/LED/LED.o
                0x00000644                BLUE_LED
 .text.main     0x00000664       0x2a main.o
                0x00000664                main
 .text.DIO_setPinDirection
                0x0000068e       0xe0 MCAL/DIO/DIO.o
                0x0000068e                DIO_setPinDirection
 .text.DIO_WritePin
                0x0000076e       0xdc MCAL/DIO/DIO.o
                0x0000076e                DIO_WritePin
 .text.EXTI_GlobalSet
                0x0000084a        0x8 MCAL/EXTI/interrupts.o
                0x0000084a                EXTI_GlobalSet
 .text.EXTI_interruptconfig
                0x00000852       0x68 MCAL/EXTI/interrupts.o
                0x00000852                EXTI_interruptconfig
                0x000008ba                . = ALIGN (0x2)
 *(.fini9)
 .fini9         0x000008ba        0x0 d:/eme_embedded_eui/ides/atmel/7.0/toolchain/avr8/avr8-gnu-toolchain/bin/../lib/gcc/avr/5.4.0/avr5\libgcc.a(_exit.o)
                0x000008ba                _exit
                0x000008ba                exit
 *(.fini9)
 *(.fini8)
 *(.fini8)
 *(.fini7)
 *(.fini7)
 *(.fini6)
 *(.fini6)
 *(.fini5)
 *(.fini5)
 *(.fini4)
 *(.fini4)
 *(.fini3)
 *(.fini3)
 *(.fini2)
 *(.fini2)
 *(.fini1)
 *(.fini1)
 *(.fini0)
 .fini0         0x000008ba        0x4 d:/eme_embedded_eui/ides/atmel/7.0/toolchain/avr8/avr8-gnu-toolchain/bin/../lib/gcc/avr/5.4.0/avr5\libgcc.a(_exit.o)
 *(.fini0)
                0x000008be                _etext = .

.data           0x00800060       0x28 load address 0x000008be
                0x00800060                PROVIDE (__data_start, .)
 *(.data)
 *(.data*)
 .data.traffic_light_state
                0x00800060        0x1 APP/APP.o
                0x00800060                traffic_light_state
 .data.g_BREAK_DELAY
                0x00800061        0x1 APP/APP.o
                0x00800061                g_BREAK_DELAY
 *(.gnu.linkonce.d*)
 *(.rodata)
 *(.rodata*)
 .rodata.str1.1
                0x00800062       0x18 HAL/BUTTON/Button.o
 .rodata.str1.1
                0x0080007a        0xd main.o
 *(.gnu.linkonce.r*)
                0x00800088                . = ALIGN (0x2)
 *fill*         0x00800087        0x1 
                0x00800088                _edata = .
                0x00800088                PROVIDE (__data_end, .)

.bss            0x00800088        0x2
                0x00800088                PROVIDE (__bss_start, .)
 *(.bss)
 *(.bss*)
 *(COMMON)
 COMMON         0x00800088        0x2 HAL/BUTTON/Button.o
                0x00800088                EXTI_Config
                0x0080008a                PROVIDE (__bss_end, .)
                0x000008be                __data_load_start = LOADADDR (.data)
                0x000008e6                __data_load_end = (__data_load_start + SIZEOF (.data))

.noinit         0x0080008a        0x0
                [!provide]                PROVIDE (__noinit_start, .)
 *(.noinit*)
                [!provide]                PROVIDE (__noinit_end, .)
                0x0080008a                _end = .
                [!provide]                PROVIDE (__heap_start, .)

.eeprom         0x00810000        0x0
 *(.eeprom*)
                0x00810000                __eeprom_end = .

.fuse
 *(.fuse)
 *(.lfuse)
 *(.hfuse)
 *(.efuse)

.lock
 *(.lock*)

.signature
 *(.signature*)

.user_signatures
 *(.user_signatures*)

.stab
 *(.stab)

.stabstr
 *(.stabstr)

.stab.excl
 *(.stab.excl)

.stab.exclstr
 *(.stab.exclstr)

.stab.index
 *(.stab.index)

.stab.indexstr
 *(.stab.indexstr)

.comment        0x00000000       0x30
 *(.comment)
 .comment       0x00000000       0x30 APP/APP.o
                                 0x31 (size before relaxing)
 .comment       0x00000030       0x31 HAL/BUTTON/Button.o
 .comment       0x00000030       0x31 HAL/LCD/LCD.o
 .comment       0x00000030       0x31 HAL/LED/LED.o
 .comment       0x00000030       0x31 main.o
 .comment       0x00000030       0x31 MCAL/DIO/DIO.o
 .comment       0x00000030       0x31 MCAL/EXTI/interrupts.o

.note.gnu.avr.deviceinfo
                0x00000000       0x3c
 .note.gnu.avr.deviceinfo
                0x00000000       0x3c D:/EME_Embedded_EUI/IDEs/Atmel/7.0/Packs/atmel/ATmega_DFP/1.7.374/gcc/dev/atmega32/avr5/crtatmega32.o

.note.gnu.build-id
 *(.note.gnu.build-id)

.debug
 *(.debug)

.line
 *(.line)

.debug_srcinfo
 *(.debug_srcinfo)

.debug_sfnames
 *(.debug_sfnames)

.debug_aranges  0x00000000      0x178
 *(.debug_aranges)
 .debug_aranges
                0x00000000       0x30 APP/APP.o
 .debug_aranges
                0x00000030       0x28 HAL/BUTTON/Button.o
 .debug_aranges
                0x00000058       0x50 HAL/LCD/LCD.o
 .debug_aranges
                0x000000a8       0x40 HAL/LED/LED.o
 .debug_aranges
                0x000000e8       0x20 main.o
 .debug_aranges
                0x00000108       0x48 MCAL/DIO/DIO.o
 .debug_aranges
                0x00000150       0x28 MCAL/EXTI/interrupts.o

.debug_pubnames
 *(.debug_pubnames)

.debug_info     0x00000000     0x1e69
 *(.debug_info .gnu.linkonce.wi.*)
 .debug_info    0x00000000      0x4e6 D:/EME_Embedded_EUI/IDEs/Atmel/7.0/Packs/atmel/ATmega_DFP/1.7.374/gcc/dev/atmega32/avr5/crtatmega32.o
 .debug_info    0x000004e6      0x2f7 APP/APP.o
 .debug_info    0x000007dd      0x3a4 HAL/BUTTON/Button.o
 .debug_info    0x00000b81      0xb6e HAL/LCD/LCD.o
 .debug_info    0x000016ef      0x2ea HAL/LED/LED.o
 .debug_info    0x000019d9      0x148 main.o
 .debug_info    0x00001b21      0x1e6 MCAL/DIO/DIO.o
 .debug_info    0x00001d07      0x162 MCAL/EXTI/interrupts.o

.debug_abbrev   0x00000000      0xc15
 *(.debug_abbrev)
 .debug_abbrev  0x00000000      0x4a3 D:/EME_Embedded_EUI/IDEs/Atmel/7.0/Packs/atmel/ATmega_DFP/1.7.374/gcc/dev/atmega32/avr5/crtatmega32.o
 .debug_abbrev  0x000004a3      0x16b APP/APP.o
 .debug_abbrev  0x0000060e      0x173 HAL/BUTTON/Button.o
 .debug_abbrev  0x00000781      0x1f6 HAL/LCD/LCD.o
 .debug_abbrev  0x00000977       0xb0 HAL/LED/LED.o
 .debug_abbrev  0x00000a27       0x8b main.o
 .debug_abbrev  0x00000ab2       0xa1 MCAL/DIO/DIO.o
 .debug_abbrev  0x00000b53       0xc2 MCAL/EXTI/interrupts.o

.debug_line     0x00000000      0xf21
 *(.debug_line .debug_line.* .debug_line_end)
 .debug_line    0x00000000      0x116 D:/EME_Embedded_EUI/IDEs/Atmel/7.0/Packs/atmel/ATmega_DFP/1.7.374/gcc/dev/atmega32/avr5/crtatmega32.o
 .debug_line    0x00000116      0x214 APP/APP.o
 .debug_line    0x0000032a      0x224 HAL/BUTTON/Button.o
 .debug_line    0x0000054e      0x3a2 HAL/LCD/LCD.o
 .debug_line    0x000008f0      0x180 HAL/LED/LED.o
 .debug_line    0x00000a70      0x118 main.o
 .debug_line    0x00000b88      0x28d MCAL/DIO/DIO.o
 .debug_line    0x00000e15      0x10c MCAL/EXTI/interrupts.o

.debug_frame    0x00000000      0x2d0
 *(.debug_frame)
 .debug_frame   0x00000000       0x64 APP/APP.o
 .debug_frame   0x00000064       0x7c HAL/BUTTON/Button.o
 .debug_frame   0x000000e0       0xb4 HAL/LCD/LCD.o
 .debug_frame   0x00000194       0x64 HAL/LED/LED.o
 .debug_frame   0x000001f8       0x24 main.o
 .debug_frame   0x0000021c       0x74 MCAL/DIO/DIO.o
 .debug_frame   0x00000290       0x40 MCAL/EXTI/interrupts.o

.debug_str      0x00000000      0x669
 *(.debug_str)
 .debug_str     0x00000000      0x196 D:/EME_Embedded_EUI/IDEs/Atmel/7.0/Packs/atmel/ATmega_DFP/1.7.374/gcc/dev/atmega32/avr5/crtatmega32.o
 .debug_str     0x00000196      0x219 APP/APP.o
                                0x24d (size before relaxing)
 .debug_str     0x000003af      0x150 HAL/BUTTON/Button.o
                                0x347 (size before relaxing)
 .debug_str     0x000004ff       0xba HAL/LCD/LCD.o
                                0x2ae (size before relaxing)
 .debug_str     0x000005b9       0x1a HAL/LED/LED.o
                                0x1d9 (size before relaxing)
 .debug_str     0x000005d3       0x11 main.o
                                0x1dc (size before relaxing)
 .debug_str     0x000005e4       0x4e MCAL/DIO/DIO.o
                                0x1e6 (size before relaxing)
 .debug_str     0x00000632       0x37 MCAL/EXTI/interrupts.o
                                0x279 (size before relaxing)

.debug_loc      0x00000000      0xe35
 *(.debug_loc)
 .debug_loc     0x00000000      0x158 APP/APP.o
 .debug_loc     0x00000158      0x15b HAL/BUTTON/Button.o
 .debug_loc     0x000002b3      0x7bd HAL/LCD/LCD.o
 .debug_loc     0x00000a70       0xe8 HAL/LED/LED.o
 .debug_loc     0x00000b58      0x278 MCAL/DIO/DIO.o
 .debug_loc     0x00000dd0       0x65 MCAL/EXTI/interrupts.o

.debug_macinfo
 *(.debug_macinfo)

.debug_weaknames
 *(.debug_weaknames)

.debug_funcnames
 *(.debug_funcnames)

.debug_typenames
 *(.debug_typenames)

.debug_varnames
 *(.debug_varnames)

.debug_pubtypes
 *(.debug_pubtypes)

.debug_ranges   0x00000000      0x108
 *(.debug_ranges)
 .debug_ranges  0x00000000       0x20 APP/APP.o
 .debug_ranges  0x00000020       0x18 HAL/BUTTON/Button.o
 .debug_ranges  0x00000038       0x40 HAL/LCD/LCD.o
 .debug_ranges  0x00000078       0x30 HAL/LED/LED.o
 .debug_ranges  0x000000a8       0x10 main.o
 .debug_ranges  0x000000b8       0x38 MCAL/DIO/DIO.o
 .debug_ranges  0x000000f0       0x18 MCAL/EXTI/interrupts.o

.debug_macro
 *(.debug_macro)
OUTPUT(Traffic_control_lights.elf elf32-avr)
LOAD linker stubs
